../Core/Src/main.c:64:13:UART2_QueueSend	24	static
../Core/Src/main.c:79:13:UART2_KickTx	16	static
../Core/Src/main.c:96:5:main	8	static
../Core/Src/main.c:131:6:SystemClock_Config	88	static
../Core/Src/main.c:160:13:MX_USART1_UART_Init	8	static
../Core/Src/main.c:173:13:MX_USART2_UART_Init	8	static
../Core/Src/main.c:186:13:MX_GPIO_Init	48	static
../Core/Src/main.c:211:6:HAL_UART_TxCpltCallback	16	static
../Core/Src/main.c:224:6:HAL_UART_RxCpltCallback	88	static
../Core/Src/main.c:253:6:HAL_UART_ErrorCallback	96	static
../Core/Src/main.c:266:6:Error_Handler	4	static,ignoring_inline_asm
