../Core/Src/main.c:104:13:log_uart	2
../Core/Src/main.c:116:13:WT_InitSine	2
../Core/Src/main.c:123:20:Audio_SetFrequency	2
../Core/Src/main.c:130:13:FillHalf	4
../Core/Src/main.c:142:13:Audio_Start	6
../Core/Src/main.c:162:13:Audio_Stop	2
../Core/Src/main.c:170:13:PlayNoteHz_Block	2
../Core/Src/main.c:175:13:PlayRest_Block	1
../Core/Src/main.c:179:13:PlayMelody	3
../Core/Src/main.c:191:16:SD_Mount	1
../Core/Src/main.c:192:16:SD_Unmount	1
../Core/Src/main.c:194:16:LoadMelodyFromCSV	12
../Core/Src/main.c:231:13:ListDir	5
../Core/Src/main.c:248:16:spi2_txrx	1
../Core/Src/main.c:256:13:SD_RawCMD0_Test	7
../Core/Src/main.c:300:5:main	10
../Core/Src/main.c:398:6:SystemClock_Config	3
../Core/Src/main.c:428:13:MX_DAC_Init	3
../Core/Src/main.c:438:13:MX_TIM6_Init	3
../Core/Src/main.c:453:13:MX_USART2_UART_Init	2
../Core/Src/main.c:466:13:MX_SPI2_Init	2
../Core/Src/main.c:483:13:MX_GPIO_Init	1
../Core/Src/main.c:517:13:MX_DMA_Init	2
../Core/Src/main.c:539:6:HAL_DAC_ConvHalfCpltCallbackCh1	1
../Core/Src/main.c:542:6:HAL_DAC_ConvCpltCallbackCh1	1
../Core/Src/main.c:547:6:Error_Handler	1
