../Core/Src/main.c:124:13:log_uart	184	static
../Core/Src/main.c:136:13:WT_InitSine	16	static
../Core/Src/main.c:143:20:Audio_SetFrequency	24	static
../Core/Src/main.c:149:13:FillHalf	32	static
../Core/Src/main.c:161:13:Audio_Start	24	static
../Core/Src/main.c:182:24:NoteDurMs	24	static
../Core/Src/main.c:189:13:MelodyStart	32	static
../Core/Src/main.c:208:13:MelodyService	16	static
../Core/Src/main.c:243:16:SD_Mount	8	static
../Core/Src/main.c:244:16:SD_Unmount	8	static
../Core/Src/main.c:246:16:LoadMelodyFromCSV	144	static
../Core/Src/main.c:274:16:TryOpenList	32	static
../Core/Src/main.c:286:16:DebounceReadLow	32	static
../Core/Src/main.c:296:16:DebounceReadHigh	32	static
../Core/Src/main.c:308:5:main	72	static
../Core/Src/main.c:405:6:SystemClock_Config	88	static
../Core/Src/main.c:435:13:MX_DAC_Init	16	static
../Core/Src/main.c:445:13:MX_TIM6_Init	16	static
../Core/Src/main.c:460:13:MX_USART2_UART_Init	8	static
../Core/Src/main.c:473:13:MX_SPI2_Init	8	static
../Core/Src/main.c:490:13:MX_GPIO_Init	48	static
../Core/Src/main.c:538:13:MX_DMA_Init	16	static
../Core/Src/main.c:561:6:HAL_DAC_ConvHalfCpltCallbackCh1	16	static
../Core/Src/main.c:564:6:HAL_DAC_ConvCpltCallbackCh1	16	static
../Core/Src/main.c:568:6:Error_Handler	4	static,ignoring_inline_asm
