../Core/Src/main.c:124:13:log_uart	2
../Core/Src/main.c:136:13:WT_InitSine	2
../Core/Src/main.c:143:20:Audio_SetFrequency	2
../Core/Src/main.c:149:13:FillHalf	4
../Core/Src/main.c:161:13:Audio_Start	6
../Core/Src/main.c:182:24:NoteDurMs	2
../Core/Src/main.c:189:13:MelodyStart	4
../Core/Src/main.c:208:13:MelodyService	10
../Core/Src/main.c:243:16:SD_Mount	1
../Core/Src/main.c:244:16:SD_Unmount	1
../Core/Src/main.c:246:16:LoadMelodyFromCSV	12
../Core/Src/main.c:274:16:TryOpenList	4
../Core/Src/main.c:286:16:DebounceReadLow	4
../Core/Src/main.c:296:16:DebounceReadHigh	4
../Core/Src/main.c:308:5:main	10
../Core/Src/main.c:405:6:SystemClock_Config	3
../Core/Src/main.c:435:13:MX_DAC_Init	3
../Core/Src/main.c:445:13:MX_TIM6_Init	3
../Core/Src/main.c:460:13:MX_USART2_UART_Init	2
../Core/Src/main.c:473:13:MX_SPI2_Init	2
../Core/Src/main.c:490:13:MX_GPIO_Init	1
../Core/Src/main.c:538:13:MX_DMA_Init	2
../Core/Src/main.c:561:6:HAL_DAC_ConvHalfCpltCallbackCh1	1
../Core/Src/main.c:564:6:HAL_DAC_ConvCpltCallbackCh1	1
../Core/Src/main.c:568:6:Error_Handler	1
