../Core/Src/stm32f4xx_it.c:50:6:NMI_Handler	4	static
../Core/Src/stm32f4xx_it.c:59:6:HardFault_Handler	4	static
../Core/Src/stm32f4xx_it.c:69:6:MemManage_Handler	4	static
../Core/Src/stm32f4xx_it.c:79:6:BusFault_Handler	4	static
../Core/Src/stm32f4xx_it.c:89:6:UsageFault_Handler	4	static
../Core/Src/stm32f4xx_it.c:99:6:SVC_Handler	4	static
../Core/Src/stm32f4xx_it.c:107:6:DebugMon_Handler	4	static
../Core/Src/stm32f4xx_it.c:115:6:PendSV_Handler	4	static
../Core/Src/stm32f4xx_it.c:123:6:SysTick_Handler	8	static
../Core/Src/stm32f4xx_it.c:142:6:DMA1_Stream5_IRQHandler	8	static
