../Core/Src/main.c:75:5:main	72	static
../Core/Src/main.c:140:6:SystemClock_Config	88	static
../Core/Src/main.c:171:13:MX_SPI1_Init	8	static
../Core/Src/main.c:189:13:MX_USART2_UART_Init	8	static
../Core/Src/main.c:203:13:MX_GPIO_Init	48	static
../Core/Src/main.c:230:13:menu	8	static
../Core/Src/main.c:239:6:HAL_UART_TxCpltCallback	16	static
../Core/Src/main.c:244:6:HAL_UART_RxCpltCallback	24	static
../Core/Src/main.c:274:13:showIm	160	static
../Core/Src/main.c:323:20:fresult_str	16	static
../Core/Src/main.c:351:6:Error_Handler	4	static,ignoring_inline_asm
