../Core/Src/main.c:71:6:transmit_uart	24	static
../Core/Src/main.c:77:6:test_spi_communication	120	static
../Core/Src/main.c:109:5:check_sd_status	112	static
../Core/Src/main.c:136:6:menu	8	static
../Core/Src/main.c:149:6:read_text_file	168	static
../Core/Src/main.c:190:6:full_sd_diagnostic	4232	static
../Core/Src/main.c:270:6:reinitialize_sd	120	static
../Core/Src/main.c:324:5:main	8	static
../Core/Src/main.c:432:6:SystemClock_Config	88	static
../Core/Src/main.c:480:13:MX_SPI1_Init	8	static
../Core/Src/main.c:518:13:MX_USART2_UART_Init	8	static
../Core/Src/main.c:551:13:MX_GPIO_Init	48	static
../Core/Src/main.c:593:6:Error_Handler	4	static,ignoring_inline_asm
