../Core/Src/main.c:71:6:transmit_uart	1
../Core/Src/main.c:77:6:test_spi_communication	2
../Core/Src/main.c:109:5:check_sd_status	5
../Core/Src/main.c:136:6:menu	1
../Core/Src/main.c:149:6:read_text_file	5
../Core/Src/main.c:190:6:full_sd_diagnostic	8
../Core/Src/main.c:270:6:reinitialize_sd	5
../Core/Src/main.c:324:5:main	8
../Core/Src/main.c:432:6:SystemClock_Config	3
../Core/Src/main.c:480:13:MX_SPI1_Init	2
../Core/Src/main.c:518:13:MX_USART2_UART_Init	2
../Core/Src/main.c:551:13:MX_GPIO_Init	1
../Core/Src/main.c:593:6:Error_Handler	1
