../Core/Src/main.c:91:5:main	8	static
../Core/Src/main.c:116:13:ClearPlayerBar	24	static
../Core/Src/main.c:123:13:SetPlayerLed	24	static
../Core/Src/main.c:133:13:ShowWinner	24	static
../Core/Src/main.c:152:13:SemaforoInicio	8	static
../Core/Src/main.c:174:6:HAL_GPIO_EXTI_Callback	24	static
../Core/Src/main.c:247:6:SystemClock_Config	88	static
../Core/Src/main.c:279:13:MX_USART2_UART_Init	8	static
../Core/Src/main.c:295:13:MX_GPIO_Init	48	static
../Core/Src/main.c:348:6:Error_Handler	4	static,ignoring_inline_asm
