12:44:19 **** Incremental Build of configuration Debug for project Audio_SD ****
make -j12 all 
arm-none-eabi-gcc "../Core/Src/main.c" -mcpu=cortex-m4 -std=gnu11 -g3 -DDEBUG -DUSE_HAL_DRIVER -DSTM32F446xx -c -I../Core/Inc -I../Drivers/STM32F4xx_HAL_Driver/Inc -I../Drivers/STM32F4xx_HAL_Driver/Inc/Legacy -I../Drivers/CMSIS/Device/ST/STM32F4xx/Include -I../Drivers/CMSIS/Include -I../FATFS/Target -I../FATFS/App -I../Middlewares/Third_Party/FatFs/src -O0 -ffunction-sections -fdata-sections -Wall -fstack-usage -fcyclomatic-complexity -MMD -MP -MF"Core/Src/main.d" -MT"Core/Src/main.o" --specs=nano.specs -mfpu=fpv4-sp-d16 -mfloat-abi=hard -mthumb -o "Core/Src/main.o"
arm-none-eabi-gcc -o "Audio_SD.elf" @"objects.list"   -mcpu=cortex-m4 -T"C:\Users\Chris Q\Documents\Electronica Digital 2\Laboratorios\Digital-2\Audio_SD\STM32F446RETX_FLASH.ld" --specs=nosys.specs -Wl,-Map="Audio_SD.map" -Wl,--gc-sections -static --specs=nano.specs -mfpu=fpv4-sp-d16 -mfloat-abi=hard -mthumb -Wl,--start-group -lc -lm -Wl,--end-group
Finished building target: Audio_SD.elf
 
arm-none-eabi-size  Audio_SD.elf 
arm-none-eabi-objdump -h -S Audio_SD.elf  > "Audio_SD.list"
   text	   data	    bss	    dec	    hex	filename
  54284	    488	   9088	  63860	   f974	Audio_SD.elf
Finished building: default.size.stdout
 
Finished building: Audio_SD.list
 

12:44:20 Build Finished. 0 errors, 0 warnings. (took 1s.257ms)

